// Jest Snapshot v1, https://goo.gl/fbAQLP

exports[`<AuthApp /> should match snapshot 1`] = `
<ContentWrapper>
  <Switch>
    <Route
      component={[Function]}
      exact={true}
      path="/login"
    />
    <Route
      component={[Function]}
      exact={true}
      path="/sign-up"
    />
    <Route>
      <Redirect
        to="/sign-in"
      />
    </Route>
  </Switch>
  <Footer />
</ContentWrapper>
`;
